2014-01-09T06:16:53.748849+00:00 heroku[router]: at=info method=POST path=/api/online/platforms/facebook_canvas/users/100002266342173/add_ticket host=services.pocketplaylab.com fwd="94.66.255.106" dyno=web.12 connect=12ms service=21ms status=200 bytes=78
2014-01-09T06:16:53.742892+00:00 heroku[router]: at=info method=GET path=/api/users/100002266342173/count_pending_messages host=services.pocketplaylab.com fwd="94.66.255.106" dyno=web.8 connect=9ms service=9ms status=304 bytes=0
2014-01-09T06:16:53.766841+00:00 heroku[router]: at=info method=POST path=/logs/save_personal_data host=services.pocketplaylab.com fwd="5.13.87.91" dyno=web.10 connect=1ms service=42ms status=200 bytes=16
2014-01-09T06:16:53.772938+00:00 heroku[router]: at=info method=POST path=/api/users/100002844291023 host=services.pocketplaylab.com fwd="46.195.178.244" dyno=web.6 connect=2ms service=43ms status=200 bytes=52
2014-01-09T06:16:53.765430+00:00 heroku[router]: at=info method=GET path=/api/users/100005936523817/get_friends_progress host=services.pocketplaylab.com fwd="5.13.87.91" dyno=web.11 connect=1ms service=47ms status=200 bytes=7498
2014-01-09T06:16:53.760472+00:00 heroku[router]: at=info method=POST path=/api/users/1770684197 host=services.pocketplaylab.com fwd="74.139.217.81" dyno=web.5 connect=1ms service=17ms status=200 bytes=681
2014-01-09T06:15:15.893505+00:00 heroku[router]: at=info method=GET path=/api/users/1686318645/get_friends_progress host=services.pocketplaylab.com fwd="1.125.42.139" dyno=web.3 connect=8ms service=90ms status=200 bytes=7534
2014-01-09T06:16:53.768188+00:00 heroku[router]: at=info method=GET path=/api/users/100005936523817/get_friends_score host=services.pocketplaylab.com fwd="5.13.87.91" dyno=web.13 connect=2ms service=46ms status=200 bytes=9355
2014-01-09T06:15:17.858874+00:00 heroku[router]: at=info method=POST path=/api/users/1145906359 host=services.pocketplaylab.com fwd="107.220.72.53" dyno=web.14 connect=2ms service=362ms status=200 bytes=52
2014-01-09T06:16:53.797975+00:00 heroku[router]: at=info method=GET path=/api/users/100000622081059/count_pending_messages host=services.pocketplaylab.com fwd="174.239.6.42" dyno=web.12 connect=1ms service=20ms status=200 bytes=33
2014-01-09T06:16:53.796869+00:00 heroku[router]: at=info method=GET path=/api/users/100004683190675/get_friends_score host=services.pocketplaylab.com fwd="99.138.1.64" dyno=web.12 connect=2ms service=55ms status=200 bytes=16881
2014-01-09T06:16:53.820106+00:00 heroku[router]: at=info method=POST path=/version_api/files host=services.pocketplaylab.com fwd="66.87.90.127" dyno=web.10 connect=1ms service=83ms status=200 bytes=69
2014-01-09T06:16:53.805430+00:00 heroku[router]: at=info method=POST path=/logs/save_personal_data host=services.pocketplaylab.com fwd="103.1.70.119" dyno=web.3 connect=1ms service=39ms status=200 bytes=16
2014-01-09T06:16:53.846402+00:00 heroku[router]: at=info method=POST path=/api/online/platforms/facebook_canvas/users/100004180300480/add_ticket host=services.pocketplaylab.com fwd="74.77.234.203" dyno=web.2 connect=1ms service=66ms status=200 bytes=78
2014-01-09T06:16:53.845722+00:00 heroku[router]: at=info method=POST path=/version_api/files host=services.pocketplaylab.com fwd="175.145.225.16" dyno=web.3 connect=1ms service=32ms status=200 bytes=69
2014-01-09T06:16:53.849831+00:00 heroku[router]: at=info method=GET path=/api/users/696253842/count_pending_messages host=services.pocketplaylab.com fwd="75.133.169.24" dyno=web.12 connect=2ms service=11ms status=200 bytes=33
2014-01-09T06:16:53.865627+00:00 heroku[router]: at=info method=POST path=/api/users/1171605746 host=services.pocketplaylab.com fwd="68.113.121.164" dyno=web.11 connect=1ms service=27ms status=200 bytes=2363
2014-01-09T06:15:29.623986+00:00 heroku[router]: at=info method=POST path=/api/users/100003729015539 host=services.pocketplaylab.com fwd="121.202.137.205" dyno=web.13 connect=5ms service=22ms status=200 bytes=2914
2014-01-09T06:16:53.903478+00:00 heroku[router]: at=info method=GET path=/api/users/100005868673346/count_pending_messages host=services.pocketplaylab.com fwd="187.170.4.201" dyno=web.12 connect=0ms service=9ms status=200 bytes=33
2014-01-09T06:16:53.916977+00:00 heroku[router]: at=info method=GET path=/api/users/1538823671/count_pending_messages host=services.pocketplaylab.com fwd="208.54.86.162" dyno=web.11 connect=7ms service=9ms status=200 bytes=33
2014-01-09T06:16:53.918774+00:00 heroku[router]: at=info method=GET path=/api/users/100003573563414/count_pending_messages host=services.pocketplaylab.com fwd="50.187.130.34" dyno=web.10 connect=1ms service=13ms status=200 bytes=33
2014-01-09T06:16:53.927114+00:00 heroku[router]: at=info method=GET path=/api/users/100002979150431/get_friends_score host=services.pocketplaylab.com fwd="74.243.130.160" dyno=web.10 connect=2ms service=289ms status=200 bytes=33712
2014-01-09T06:16:53.934232+00:00 heroku[router]: at=info method=POST path=/version_api/files host=services.pocketplaylab.com fwd="62.163.221.58" dyno=web.5 connect=1ms service=29ms status=200 bytes=69
2014-01-09T06:16:52.831198+00:00 heroku[router]: at=info method=GET path=/api/users/100002087695621/get_friends_score host=services.pocketplaylab.com fwd="137.118.222.112" dyno=web.9 connect=1ms service=154ms status=200 bytes=13465
2014-01-09T06:16:53.938908+00:00 heroku[router]: at=info method=POST path=/logs/save_personal_data host=services.pocketplaylab.com fwd="74.139.217.81" dyno=web.12 connect=2ms service=17ms status=200 bytes=16
